Testing SMTP...
SMTP connection successful!
Testing Database URL: postgresql://postgres.krelghcuxmpgwgchnfbe:Poptum%402511@aws-0-eu-central-1.pooler.supabase.com:6543/postgres
node.exe : DB Error: 
Tenant or user not found
At C:\Users\RUTVIJ\AppData
\Roaming\npm\npx.ps1:24 
char:5
+     & "node$exe"  "$base
dir/node_modules/npm/bin/n
px-cli.js" $args
+     ~~~~~~~~~~~~~~~~~~~~
~~~~~~~~~~~~~~~~~~~~~~~~~~
~~~~~~~~~~~~~~~~
    + CategoryInfo        
      : NotSpecified: (D  
  B Error: Tenant or us   
 er not found:String)     
[], RemoteException
    + FullyQualifiedError 
   Id : NativeCommandErr  
  or
 
